I'm sorry, but errors were detected in your script. Please correct the
errors listed below, and try again.


File "game/script.rpy", line 9: invalid syntax
    default player = Player(name="Viajante", hp=80, max_hp=100, gold=50)
             ^

Ren'Py Version: Ren'Py 8.3.3.24111502
Wed Apr 23 12:24:20 2025
